[21:59:38] BOOT SEQUENCE INITIATED
[21:59:38] LOADING AUXILIARY INTERFACE
[21:59:38] CALIBRATING HOLOGRAPHIC ARRAY
[21:59:38] LOADING NODE MATRIX
[21:59:38] VERIFYING LOCAL CHANNEL
[21:59:38] SYNCHRONIZING CORE
[21:59:38] TELEMETRY ONLINE
[21:59:38] COMMAND INTERFACE READY
[22:01:51] BOOT SEQUENCE INITIATED
[22:01:51] LOADING AUXILIARY INTERFACE
[22:01:51] CALIBRATING HOLOGRAPHIC ARRAY
[22:01:51] LOADING NODE MATRIX
[22:01:51] VERIFYING LOCAL CHANNEL
[22:01:51] SYNCHRONIZING CORE
[22:01:51] TELEMETRY ONLINE
[22:01:51] COMMAND INTERFACE READY
[22:03:57] NODE UNLINKED // NIGHTHAWK
[22:04:00] NODE UNLINKED // NIGHTHAWK
[22:08:50] BOOT SEQUENCE INITIATED
[22:08:50] LOADING AUXILIARY INTERFACE
[22:08:50] CALIBRATING HOLOGRAPHIC ARRAY
[22:08:50] LOADING NODE MATRIX
[22:08:50] VERIFYING LOCAL CHANNEL
[22:08:50] SYNCHRONIZING CORE
[22:08:50] TELEMETRY ONLINE
[22:08:50] COMMAND INTERFACE READY
[22:10:02] BOOT SEQUENCE INITIATED
[22:10:02] LOADING AUXILIARY INTERFACE
[22:10:02] CALIBRATING HOLOGRAPHIC ARRAY
[22:10:02] LOADING NODE MATRIX
[22:10:02] VERIFYING LOCAL CHANNEL
[22:10:02] SYNCHRONIZING CORE
[22:10:02] TELEMETRY ONLINE
[22:10:02] COMMAND INTERFACE READY
[2026-09-06 22:12:00] CATALYST core initialized
[2026-09-06 22:12:00] Loaded 8 registered tools
[2026-09-06 22:12:23] [LAUNCH] Ping :: C:\Windows\system32\ping.EXE
[2026-09-06 22:14:53] CATALYST CORE INITIALIZED
[2026-09-06 22:14:53] DATABASE // 8 SYSTEMS
[2026-09-06 22:14:53] FORERUNNER INTERFACE ONLINE
[2026-09-06 22:20:21] CATALYST CORE INITIALIZED
[2026-09-06 22:20:21] DATABASE // 8 SYSTEMS
[2026-09-06 22:20:21] FORERUNNER HUD ONLINE
[2026-09-06 22:20:21] LOCAL EXECUTION MODE
[2026-09-06 22:22:30] CATALYST CORE INITIALIZED
[2026-09-06 22:22:30] DATABASE // 8 SYSTEMS
[2026-09-06 22:22:30] FORERUNNER HUD ONLINE
[2026-09-06 22:22:30] LOCAL EXECUTION MODE
[2026-09-06 22:23:35] [OPEN] IPConfig :: C:\Windows\system32\ipconfig.EXE
[2026-09-06 22:27:35] CATALYST CORE INITIALIZED
[2026-09-06 22:27:35] DATABASE // 8 SYSTEMS
[2026-09-06 22:27:35] FORERUNNER HUD ONLINE
[2026-09-06 22:27:35] QPROCESS EXECUTION ENGINE READY
[2026-09-06 22:27:35] LOCAL EXECUTION MODE
[2026-09-06 22:27:47] [EXEC] C:\Windows\system32\ipconfig.EXE 
[2026-09-06 22:27:47] [EXITED] IPConfig :: exit code 0
[2026-09-06 22:28:10] [EXEC] C:\Windows\system32\ping.EXE -n 4 -w 4000 google.com
[2026-09-06 22:28:13] [EXITED] Ping :: exit code 0
[2026-09-06 22:29:35] [EXEC] C:\Windows\system32\ping.EXE -n 4 -w 8000 google.com
[2026-09-06 22:29:39] [EXITED] Ping :: exit code 0
[2026-09-06 22:30:24] [EXEC] C:\Windows\system32\tracert.EXE -h 30 google.com
[2026-09-06 22:30:50] [MISSING] Nmap :: nmap
[2026-09-06 22:30:59] [MISSING] Nmap :: nmap
[2026-09-06 22:31:05] [STOP] TRACERT
[2026-09-06 22:31:06] [PROCESS ERROR] Traceroute :: Process crashed
[2026-09-06 22:31:06] [CRASHED] Traceroute :: exit code 62097
[2026-09-06 22:31:19] [EXEC] C:\Windows\system32\netstat.EXE -a
[2026-09-06 22:31:43] [STOP] NETSTAT
[2026-09-06 22:31:44] [PROCESS ERROR] Netstat :: Process crashed
[2026-09-06 22:31:44] [CRASHED] Netstat :: exit code 62097
